[vorlie.pl/index.html]
[backblue.gif]
[fade.gif]
[index.html]
[vorlie.pl/src/img/icon.png]
[vorlie.pl/src/css/style.css]
[vorlie.pl/src/img/avatar.jpg]
[vorlie.pl/src/js/script.js]
[vorlie.pl/index.html]
[vorlie.pl/src/css/style.css]
[vorlie.pl/cdn-cgi/challenge-platform/h/b/scripts/alpha/invisible5615.js]
[vorlie.pl/r/ugg/index.html]
[vorlie.pl/r/ugg/index.html]
[vorlie.pl/r/instagram/index.html]
[vorlie.pl/r/instagram/index.html]
[vorlie.pl/r/youtube/index.html]
[vorlie.pl/spotify/index.html]
[vorlie.pl/r/youtube/index.html]
[vorlie.pl/src/css/playlistsmain.css]
[vorlie.pl/spotify/1/index.html]
[vorlie.pl/spotify/index.html]
[vorlie.pl/src/js/spotify.js]
[vorlie.pl/src/css/playlistsmain.css]
[vorlie.pl/spotify/2/index.html]
[vorlie.pl/spotify/3/index.html]
[vorlie.pl/src/css/sp1.css]
[vorlie.pl/spotify/4/index.html]
[vorlie.pl/spotify/1/index.html]
[vorlie.pl/src/js/sp1.js]
[vorlie.pl/src/css/sp2.css]
[vorlie.pl/spotify/2/index.html]
[vorlie.pl/src/js/sp2.js]
[vorlie.pl/src/css/sp3.css]
[vorlie.pl/spotify/3/index.html]
[vorlie.pl/src/js/sp3.js]
[vorlie.pl/src/css/sp4.css]
[vorlie.pl/spotify/4/index.html]
[vorlie.pl/src/js/sp4.js]
[vorlie.pl/src/css/sp1.css]
[vorlie.pl/src/css/sp2.css]
[vorlie.pl/src/css/sp3.css]
[vorlie.pl/src/css/sp4.css]
